[queue 07-29 16:56:45] an existing worker/supervisor is running — waiting for it rather than starting a second
[queue 07-29 17:58:46] existing worker finished at 72/144 cells
[queue 07-29 17:58:46] stage 1 t2x — supervised serial run to 144 cells (at 72)
[queue 07-29 19:15:12] stage 1 ended at 74/144 cells
[queue 07-29 19:15:12] stage 1 INCOMPLETE — stopping the queue rather than starting stage 2 on a partial panel
[queue 07-30 08:56:10] stage 1 t2x — supervised serial run to 144 cells (at 74)
[queue 07-30 13:23:38] stage 1 ended at 144/144 cells
[queue 07-30 13:23:38] stage 2 x2 bridge — alpha trace at 2.5-3.8B
[x2] targets=['gemma', 'phi', 'granite'] designers/target=6 axes=occ_gender,crows_socioeconomic seeds=0,1,2
Using the latest cached version of the dataset since cais/mmlu couldn't be found on the Hugging Face Hub (offline mode is enabled).
Found the latest cached dataset configuration 'all' at /home/jovyan/.cache/huggingface/datasets/cais___mmlu/all/0.0.0/c30699e8356da336a370243923dbaf21066bb9fe (last modified on Mon Jul 20 06:57:17 2026).
Using the latest cached version of the dataset since Salesforce/wikitext couldn't be found on the Hugging Face Hub (offline mode is enabled).
Found the latest cached dataset configuration 'wikitext-103-raw-v1' at /home/jovyan/.cache/huggingface/datasets/Salesforce___wikitext/wikitext-103-raw-v1/0.0.0/b08601e04326c79dfdd32d625aee71d232d685c3 (last modified on Mon Jul 20 06:52:28 2026).
Loading weights:   0%|                                                       | 0/288 [00:00<?, ?it/s]Loading weights:  40%|█████████████████▎                         | 116/288 [00:00<00:00, 1072.70it/s]Loading weights:  78%|█████████████████████████████████▌         | 225/288 [00:00<00:00, 1066.93it/s]Loading weights: 100%|███████████████████████████████████████████| 288/288 [00:00<00:00, 1136.70it/s]
[transformers] `use_cache=True` is incompatible with gradient checkpointing. Setting `use_cache=False`.
[x2] tgt=gemma    occ_gender           s0 self       <-gemma_3b         removal=+0.6475
[x2] tgt=gemma    occ_gender           s0 cross      <-qwen_3b          removal=+0.4694
[x2] tgt=gemma    occ_gender           s0 cross      <-llama_3b         removal=+0.4359
[x2] tgt=gemma    occ_gender           s0 cross      <-falcon_3b        removal=+0.5457
[x2] tgt=gemma    occ_gender           s0 cross      <-phi_3b           removal=+0.2255
[x2] tgt=gemma    occ_gender           s0 cross      <-granite_3b       removal=+0.6721
[x2] tgt=gemma    occ_gender           s1 self       <-gemma_3b         removal=+0.5925
[x2] tgt=gemma    occ_gender           s1 cross      <-qwen_3b          removal=+0.6490
[x2] tgt=gemma    occ_gender           s1 cross      <-llama_3b         removal=+0.5030
[x2] tgt=gemma    occ_gender           s1 cross      <-falcon_3b        removal=+0.7297
[x2] tgt=gemma    occ_gender           s1 cross      <-phi_3b           removal=+0.2334
[x2] tgt=gemma    occ_gender           s1 cross      <-granite_3b       removal=+0.8106
[x2] tgt=gemma    occ_gender           s2 self       <-gemma_3b         removal=+0.7822
[x2] tgt=gemma    occ_gender           s2 cross      <-qwen_3b          removal=+0.0596
[x2] tgt=gemma    occ_gender           s2 cross      <-llama_3b         removal=+0.6187
[x2] tgt=gemma    occ_gender           s2 cross      <-falcon_3b        removal=+0.5709
[x2] tgt=gemma    occ_gender           s2 cross      <-phi_3b           removal=+0.2337
[x2] tgt=gemma    occ_gender           s2 cross      <-granite_3b       removal=+0.7374
Using the latest cached version of the dataset since nyu-mll/crows_pairs couldn't be found on the Hugging Face Hub (offline mode is enabled).
Found the latest cached dataset configuration 'default' at /home/jovyan/.cache/huggingface/datasets/nyu-mll___crows_pairs/default/0.0.0/565159a0443df8dc8dba9855c7454e6afc907be4 (last modified on Mon Jul 20 07:00:06 2026).
[x2] tgt=gemma    crows_socioeconomic  s0 self       <-gemma_3b         removal=+0.1075
[x2] tgt=gemma    crows_socioeconomic  s0 cross      <-qwen_3b          removal=-0.0482
[x2] tgt=gemma    crows_socioeconomic  s0 cross      <-llama_3b         removal=+0.0137
[x2] tgt=gemma    crows_socioeconomic  s0 cross      <-falcon_3b        removal=+0.1169
[x2] tgt=gemma    crows_socioeconomic  s0 cross      <-phi_3b           removal=+0.0841
[x2] tgt=gemma    crows_socioeconomic  s0 cross      <-granite_3b       removal=+0.0403
[x2] tgt=gemma    crows_socioeconomic  s1 self       <-gemma_3b         removal=+0.0927
[x2] tgt=gemma    crows_socioeconomic  s1 cross      <-qwen_3b          removal=-0.0326
[x2] tgt=gemma    crows_socioeconomic  s1 cross      <-llama_3b         removal=+0.0116
[x2] tgt=gemma    crows_socioeconomic  s1 cross      <-falcon_3b        removal=+0.1308
[x2] tgt=gemma    crows_socioeconomic  s1 cross      <-phi_3b           removal=+0.0372
[x2] tgt=gemma    crows_socioeconomic  s1 cross      <-granite_3b       removal=+0.0461
[x2] tgt=gemma    crows_socioeconomic  s2 self       <-gemma_3b         removal=+0.1681
[x2] tgt=gemma    crows_socioeconomic  s2 cross      <-qwen_3b          removal=-0.0359
[x2] tgt=gemma    crows_socioeconomic  s2 cross      <-llama_3b         removal=+0.0028
[x2] tgt=gemma    crows_socioeconomic  s2 cross      <-falcon_3b        removal=+0.1352
[x2] tgt=gemma    crows_socioeconomic  s2 cross      <-phi_3b           removal=+0.0452
[x2] tgt=gemma    crows_socioeconomic  s2 cross      <-granite_3b       removal=+0.0681
[transformers] This model config has set a `rope_parameters['original_max_position_embeddings']` field, to be used together with `max_position_embeddings` to determine a scaling factor. Please set the `factor` field of `rope_parameters`with this ratio instead -- we recommend the use of this field over `original_max_position_embeddings`, as it is compatible with most model architectures.
Loading weights:   0%|                                                       | 0/195 [00:00<?, ?it/s]Loading weights:  47%|█████████████████████▏                       | 92/195 [00:00<00:00, 910.47it/s]Loading weights: 100%|███████████████████████████████████████████| 195/195 [00:00<00:00, 1045.06it/s]
[x2] tgt=phi      occ_gender           s0 self       <-phi_3b           removal=+0.2698
[x2] tgt=phi      occ_gender           s0 cross      <-qwen_3b          removal=+0.6597
[x2] tgt=phi      occ_gender           s0 cross      <-llama_3b         removal=+0.5590
[x2] tgt=phi      occ_gender           s0 cross      <-falcon_3b        removal=+0.6749
[x2] tgt=phi      occ_gender           s0 cross      <-gemma_3b         removal=+0.5549
[x2] tgt=phi      occ_gender           s0 cross      <-granite_3b       removal=+0.7090
[x2] tgt=phi      occ_gender           s1 self       <-phi_3b           removal=+0.3266
[x2] tgt=phi      occ_gender           s1 cross      <-qwen_3b          removal=+0.5160
[x2] tgt=phi      occ_gender           s1 cross      <-llama_3b         removal=+0.6248
[x2] tgt=phi      occ_gender           s1 cross      <-falcon_3b        removal=+0.6488
[x2] tgt=phi      occ_gender           s1 cross      <-gemma_3b         removal=+0.5641
[x2] tgt=phi      occ_gender           s1 cross      <-granite_3b       removal=+0.6920
[x2] tgt=phi      occ_gender           s2 self       <-phi_3b           removal=+0.3627
[x2] tgt=phi      occ_gender           s2 cross      <-qwen_3b          removal=+0.3462
[x2] tgt=phi      occ_gender           s2 cross      <-llama_3b         removal=+0.5827
[x2] tgt=phi      occ_gender           s2 cross      <-falcon_3b        removal=+0.6531
[x2] tgt=phi      occ_gender           s2 cross      <-gemma_3b         removal=+0.6333
[x2] tgt=phi      occ_gender           s2 cross      <-granite_3b       removal=+0.6931
[x2] tgt=phi      crows_socioeconomic  s0 self       <-phi_3b           removal=+0.0658
[x2] tgt=phi      crows_socioeconomic  s0 cross      <-qwen_3b          removal=-0.0318
[x2] tgt=phi      crows_socioeconomic  s0 cross      <-llama_3b         removal=+0.0101
[x2] tgt=phi      crows_socioeconomic  s0 cross      <-falcon_3b        removal=+0.1126
[x2] tgt=phi      crows_socioeconomic  s0 cross      <-gemma_3b         removal=+0.1296
[x2] tgt=phi      crows_socioeconomic  s0 cross      <-granite_3b       removal=+0.0318
[x2] tgt=phi      crows_socioeconomic  s1 self       <-phi_3b           removal=+0.0401
[x2] tgt=phi      crows_socioeconomic  s1 cross      <-qwen_3b          removal=-0.0372
[x2] tgt=phi      crows_socioeconomic  s1 cross      <-llama_3b         removal=+0.0393
[x2] tgt=phi      crows_socioeconomic  s1 cross      <-falcon_3b        removal=+0.1004
[x2] tgt=phi      crows_socioeconomic  s1 cross      <-gemma_3b         removal=+0.1237
[x2] tgt=phi      crows_socioeconomic  s1 cross      <-granite_3b       removal=+0.0147
[x2] tgt=phi      crows_socioeconomic  s2 self       <-phi_3b           removal=+0.0318
[x2] tgt=phi      crows_socioeconomic  s2 cross      <-qwen_3b          removal=-0.0191
[x2] tgt=phi      crows_socioeconomic  s2 cross      <-llama_3b         removal=+0.0379
[x2] tgt=phi      crows_socioeconomic  s2 cross      <-falcon_3b        removal=+0.1038
[x2] tgt=phi      crows_socioeconomic  s2 cross      <-gemma_3b         removal=+0.1198
[x2] tgt=phi      crows_socioeconomic  s2 cross      <-granite_3b       removal=-0.0162
Loading weights:   0%|                                                       | 0/362 [00:00<?, ?it/s]Loading weights:  28%|████████████▍                               | 102/362 [00:00<00:00, 957.49it/s]Loading weights:  55%|████████████████████████                    | 198/362 [00:00<00:00, 902.81it/s]Loading weights:  83%|████████████████████████████████████▌       | 301/362 [00:00<00:00, 952.10it/s]Loading weights: 100%|████████████████████████████████████████████| 362/362 [00:00<00:00, 965.79it/s]
[x2] tgt=granite  occ_gender           s0 self       <-granite_3b       removal=+nan
[x2] tgt=granite  occ_gender           s0 cross      <-qwen_3b          removal=+nan
[x2] tgt=granite  occ_gender           s0 cross      <-llama_3b         removal=+nan
[x2] tgt=granite  occ_gender           s0 cross      <-falcon_3b        removal=+nan
[x2] tgt=granite  occ_gender           s0 cross      <-gemma_3b         removal=+0.4503
[x2] tgt=granite  occ_gender           s0 cross      <-phi_3b           removal=+nan
[x2] tgt=granite  occ_gender           s1 self       <-granite_3b       removal=+nan
[x2] tgt=granite  occ_gender           s1 cross      <-qwen_3b          removal=+0.3010
[x2] tgt=granite  occ_gender           s1 cross      <-llama_3b         removal=+nan
[x2] tgt=granite  occ_gender           s1 cross      <-falcon_3b        removal=+0.4941
[x2] tgt=granite  occ_gender           s1 cross      <-gemma_3b         removal=+nan
[x2] tgt=granite  occ_gender           s1 cross      <-phi_3b           removal=+0.3562
[x2] tgt=granite  occ_gender           s2 self       <-granite_3b       removal=+nan
[x2] tgt=granite  occ_gender           s2 cross      <-qwen_3b          removal=+nan
[x2] tgt=granite  occ_gender           s2 cross      <-llama_3b         removal=+nan
[x2] tgt=granite  occ_gender           s2 cross      <-falcon_3b        removal=+0.4605
[x2] tgt=granite  occ_gender           s2 cross      <-gemma_3b         removal=+0.4435
[x2] tgt=granite  occ_gender           s2 cross      <-phi_3b           removal=+nan
[x2] tgt=granite  crows_socioeconomic  s0 self       <-granite_3b       removal=+0.0746
[x2] tgt=granite  crows_socioeconomic  s0 cross      <-qwen_3b          removal=-0.1217
[x2] tgt=granite  crows_socioeconomic  s0 cross      <-llama_3b         removal=+0.0638
[x2] tgt=granite  crows_socioeconomic  s0 cross      <-falcon_3b        removal=+nan
[x2] tgt=granite  crows_socioeconomic  s0 cross      <-gemma_3b         removal=+0.0369
[x2] tgt=granite  crows_socioeconomic  s0 cross      <-phi_3b           removal=+nan
[x2] tgt=granite  crows_socioeconomic  s1 self       <-granite_3b       removal=+0.0913
[x2] tgt=granite  crows_socioeconomic  s1 cross      <-qwen_3b          removal=-0.0614
[x2] tgt=granite  crows_socioeconomic  s1 cross      <-llama_3b         removal=-0.0057
[x2] tgt=granite  crows_socioeconomic  s1 cross      <-falcon_3b        removal=+nan
[x2] tgt=granite  crows_socioeconomic  s1 cross      <-gemma_3b         removal=-0.0120
[x2] tgt=granite  crows_socioeconomic  s1 cross      <-phi_3b           removal=+nan
[x2] tgt=granite  crows_socioeconomic  s2 self       <-granite_3b       removal=+nan
[x2] tgt=granite  crows_socioeconomic  s2 cross      <-qwen_3b          removal=+0.0612
[x2] tgt=granite  crows_socioeconomic  s2 cross      <-llama_3b         removal=+0.0959
[x2] tgt=granite  crows_socioeconomic  s2 cross      <-falcon_3b        removal=+0.0398
[x2] tgt=granite  crows_socioeconomic  s2 cross      <-gemma_3b         removal=+0.0499
[x2] tgt=granite  crows_socioeconomic  s2 cross      <-phi_3b           removal=+nan
[x2] DONE
[x2] ALL DONE
[queue 07-30 17:57:56] stage 2 exited rc=0, cells=108
[queue 07-30 17:57:56] queue done
